// Jest Snapshot v1, https://goo.gl/fbAQLP

exports[`Rendering CartItem component 1`] = `ShallowWrapper {}`;
