// Jest Snapshot v1, https://goo.gl/fbAQLP

exports[`CollectionOverview component should render CollectionOverview component 1`] = `ShallowWrapper {}`;
