// Jest Snapshot v1, https://goo.gl/fbAQLP

exports[`CollectionItem component should render CheckoutItem component 1`] = `ShallowWrapper {}`;
